// Jest Snapshot v1, https://goo.gl/fbAQLP

exports[`About component matches snapshot DOM node structure 1`] = `
<DocumentFragment>
  <section>
    <h1
      id="about"
    >
      Cams Code!
    </h1>
  </section>
</DocumentFragment>
`;
